This is pdfTeX, Version 3.141592653-2.6-1.40.28 (MiKTeX 25.12) (preloaded format=pdflatex 2026.7.24)  17 SEP 2026 14:25
entering extended mode
 restricted \write18 enabled.
 %&-line parsing enabled.
**./BIAI-raport-koncowy.tex
(BIAI-raport-koncowy.tex
LaTeX2e <2025-11-01>
L3 programming layer <2025-12-24>

(C:\Users\Grzegorz\AppData\Local\Programs\MiKTeX\tex/latex/koma-script\scrartcl
.cls
Document Class: scrartcl 2026/02/02 v3.49.2 KOMA-Script document class (article
)

(C:\Users\Grzegorz\AppData\Local\Programs\MiKTeX\tex/latex/koma-script\scrkbase
.sty
Package: scrkbase 2026/02/02 v3.49.2 KOMA-Script package (KOMA-Script-dependent
 basics and keyval usage)

(C:\Users\Grzegorz\AppData\Local\Programs\MiKTeX\tex/latex/koma-script\scrbase.
sty
Package: scrbase 2026/02/02 v3.49.2 KOMA-Script package (KOMA-Script-independen
t basics and keyval usage)

(C:\Users\Grzegorz\AppData\Local\Programs\MiKTeX\tex/latex/koma-script\scrlfile
.sty
Package: scrlfile 2026/02/02 v3.49.2 KOMA-Script package (file load hooks)

(C:\Users\Grzegorz\AppData\Local\Programs\MiKTeX\tex/latex/koma-script\scrlfile
-hook.sty
Package: scrlfile-hook 2026/02/02 v3.49.2 KOMA-Script package (using LaTeX hook
s)

(C:\Users\Grzegorz\AppData\Local\Programs\MiKTeX\tex/latex/koma-script\scrlogo.
sty
Package: scrlogo 2026/02/02 v3.49.2 KOMA-Script package (logo)
)))
(C:\Users\Grzegorz\AppData\Local\Programs\MiKTeX\tex/latex/graphics\keyval.sty
Package: keyval 2022/05/29 v1.15 key=value parser (DPC)
\KV@toks@=\toks17
)
Applying: [2021/05/01] Usage of raw or classic option list on input line 254.
Already applied: [0000/00/00] Usage of raw or classic option list on input line
 370.
))
(C:\Users\Grzegorz\AppData\Local\Programs\MiKTeX\tex/latex/koma-script\tocbasic
.sty
Package: tocbasic 2026/02/02 v3.49.2 KOMA-Script package (handling toc-files)
\scr@dte@tocline@numberwidth=\skip49
\scr@dte@tocline@numbox=\box53
)
Package tocbasic Info: omitting babel extension for `toc'
(tocbasic)             because of feature `nobabel' available
(tocbasic)             for `toc' on input line 141.
Package scrartcl Info: You've used standard option `12pt'.
(scrartcl)             This is correct!
(scrartcl)             Internally I'm using `fontsize=12pt'.
(scrartcl)             If you'd like to set the option with \KOMAoptions,
(scrartcl)             you'd have to use `fontsize=12pt' there
(scrartcl)             instead of `12pt', too.
Class scrartcl Info: File `scrsize12pt.clo' used to setup font sizes on input l
ine 2489.

(C:\Users\Grzegorz\AppData\Local\Programs\MiKTeX\tex/latex/koma-script\scrsize1
2pt.clo
File: scrsize12pt.clo 2026/02/02 v3.49.2 KOMA-Script font size class option (12
pt)
)
(C:\Users\Grzegorz\AppData\Local\Programs\MiKTeX\tex/latex/koma-script\typearea
.sty
Package: typearea 2026/02/02 v3.49.2 KOMA-Script package (type area)
\ta@bcor=\skip50
\ta@div=\count275
Package typearea Info: You've used standard option `a4paper'.
(typearea)             This is correct!
(typearea)             Internally I'm using `paper=a4'.
(typearea)             If you'd like to set the option with \KOMAoptions,
(typearea)             you'd have to use `paper=a4' there
(typearea)             instead of `a4paper', too.
\ta@hblk=\skip51
\ta@vblk=\skip52
\ta@temp=\skip53
\footheight=\skip54
Package typearea Info: These are the values describing the layout:
(typearea)             DIV  = 12
(typearea)             BCOR = 0.0pt
(typearea)             \paperwidth      = 597.50793pt
(typearea)              \textwidth      = 448.13095pt
(typearea)              DIV departure   = -6%
(typearea)              \evensidemargin = 2.4185pt
(typearea)              \oddsidemargin  = 2.4185pt
(typearea)             \paperheight     = 845.04694pt
(typearea)              \textheight     = 635.5pt
(typearea)              \topmargin      = -41.72441pt
(typearea)              \headheight     = 18.125pt
(typearea)              \headsep        = 21.75pt
(typearea)              \topskip        = 12.0pt
(typearea)              \footskip       = 50.75pt
(typearea)              \baselineskip   = 14.5pt
(typearea)              on input line 1810.
)
\c@part=\count276
\c@section=\count277
\c@subsection=\count278
\c@subsubsection=\count279
\c@paragraph=\count280
\c@subparagraph=\count281
\scr@dte@section@maxnumwidth=\skip55
Class scrartcl Info: using compatibility default `runin=bysign'
(scrartcl)           for `\section on input line 5015.
Class scrartcl Info: using compatibility default `afterindent=bysign'
(scrartcl)           for `\section on input line 5015.
\scr@dte@part@maxnumwidth=\skip56
Class scrartcl Info: using compatibility default `afterindent=false'
(scrartcl)           for `\part on input line 5023.
\scr@dte@subsection@maxnumwidth=\skip57
Class scrartcl Info: using compatibility default `runin=bysign'
(scrartcl)           for `\subsection on input line 5033.
Class scrartcl Info: using compatibility default `afterindent=bysign'
(scrartcl)           for `\subsection on input line 5033.
\scr@dte@subsubsection@maxnumwidth=\skip58
Class scrartcl Info: using compatibility default `runin=bysign'
(scrartcl)           for `\subsubsection on input line 5043.
Class scrartcl Info: using compatibility default `afterindent=bysign'
(scrartcl)           for `\subsubsection on input line 5043.
\scr@dte@paragraph@maxnumwidth=\skip59
Class scrartcl Info: using compatibility default `runin=bysign'
(scrartcl)           for `\paragraph on input line 5054.
Class scrartcl Info: using compatibility default `afterindent=bysign'
(scrartcl)           for `\paragraph on input line 5054.
\scr@dte@subparagraph@maxnumwidth=\skip60
Class scrartcl Info: using compatibility default `runin=bysign'
(scrartcl)           for `\subparagraph on input line 5064.
Class scrartcl Info: using compatibility default `afterindent=bysign'
(scrartcl)           for `\subparagraph on input line 5064.
\abovecaptionskip=\skip61
\belowcaptionskip=\skip62
\c@pti@nb@sid@b@x=\box54
Package tocbasic Info: omitting babel extension for `lof'
(tocbasic)             because of feature `nobabel' available
(tocbasic)             for `lof' on input line 6287.
\scr@dte@figure@maxnumwidth=\skip63
\c@figure=\count282
Package tocbasic Info: omitting babel extension for `lot'
(tocbasic)             because of feature `nobabel' available
(tocbasic)             for `lot' on input line 6299.
\scr@dte@table@maxnumwidth=\skip64
\c@table=\count283
Class scrartcl Info: Redefining `\numberline' on input line 6469.
\bibindent=\dimen148
)
(C:\Users\Grzegorz\AppData\Local\Programs\MiKTeX\tex/latex/base\inputenc.sty
Package: inputenc 2024/02/08 v1.3d Input encoding file
\inpenc@prehook=\toks18
\inpenc@posthook=\toks19
)
(C:\Users\Grzegorz\AppData\Local\Programs\MiKTeX\tex/latex/base\fontenc.sty
Package: fontenc 2025/07/18 v2.1d Standard LaTeX package
)
(C:\Users\Grzegorz\AppData\Local\Programs\MiKTeX\tex/latex/lm\lmodern.sty
Package: lmodern 2015/05/01 v1.6.1 Latin Modern Fonts
LaTeX Font Info:    Overwriting symbol font `operators' in version `normal'
(Font)                  OT1/cmr/m/n --> OT1/lmr/m/n on input line 22.
LaTeX Font Info:    Overwriting symbol font `letters' in version `normal'
(Font)                  OML/cmm/m/it --> OML/lmm/m/it on input line 23.
LaTeX Font Info:    Overwriting symbol font `symbols' in version `normal'
(Font)                  OMS/cmsy/m/n --> OMS/lmsy/m/n on input line 24.
LaTeX Font Info:    Overwriting symbol font `largesymbols' in version `normal'
(Font)                  OMX/cmex/m/n --> OMX/lmex/m/n on input line 25.
LaTeX Font Info:    Overwriting symbol font `operators' in version `bold'
(Font)                  OT1/cmr/bx/n --> OT1/lmr/bx/n on input line 26.
LaTeX Font Info:    Overwriting symbol font `letters' in version `bold'
(Font)                  OML/cmm/b/it --> OML/lmm/b/it on input line 27.
LaTeX Font Info:    Overwriting symbol font `symbols' in version `bold'
(Font)                  OMS/cmsy/b/n --> OMS/lmsy/b/n on input line 28.
LaTeX Font Info:    Overwriting symbol font `largesymbols' in version `bold'
(Font)                  OMX/cmex/m/n --> OMX/lmex/m/n on input line 29.
LaTeX Font Info:    Overwriting math alphabet `\mathbf' in version `normal'
(Font)                  OT1/cmr/bx/n --> OT1/lmr/bx/n on input line 31.
LaTeX Font Info:    Overwriting math alphabet `\mathsf' in version `normal'
(Font)                  OT1/cmss/m/n --> OT1/lmss/m/n on input line 32.
LaTeX Font Info:    Overwriting math alphabet `\mathit' in version `normal'
(Font)                  OT1/cmr/m/it --> OT1/lmr/m/it on input line 33.
LaTeX Font Info:    Overwriting math alphabet `\mathtt' in version `normal'
(Font)                  OT1/cmtt/m/n --> OT1/lmtt/m/n on input line 34.
LaTeX Font Info:    Overwriting math alphabet `\mathbf' in version `bold'
(Font)                  OT1/cmr/bx/n --> OT1/lmr/bx/n on input line 35.
LaTeX Font Info:    Overwriting math alphabet `\mathsf' in version `bold'
(Font)                  OT1/cmss/bx/n --> OT1/lmss/bx/n on input line 36.
LaTeX Font Info:    Overwriting math alphabet `\mathit' in version `bold'
(Font)                  OT1/cmr/bx/it --> OT1/lmr/bx/it on input line 37.
LaTeX Font Info:    Overwriting math alphabet `\mathtt' in version `bold'
(Font)                  OT1/cmtt/m/n --> OT1/lmtt/m/n on input line 38.
)
(C:\Users\Grzegorz\AppData\Local\Programs\MiKTeX\tex/latex/microtype\microtype.
sty
Package: microtype 2026/03/01 v3.2d Micro-typographical refinements (RS)

(C:\Users\Grzegorz\AppData\Local\Programs\MiKTeX\tex/latex/etoolbox\etoolbox.st
y
Package: etoolbox 2025/10/02 v2.5m e-TeX tools for LaTeX (JAW)
\etb@tempcnta=\count284
)
\MT@toks=\toks20
\MT@tempbox=\box55
\MT@count=\count285
LaTeX Info: Redefining \noprotrusionifhmode on input line 1084.
LaTeX Info: Redefining \leftprotrusion on input line 1085.
\MT@prot@toks=\toks21
LaTeX Info: Redefining \rightprotrusion on input line 1104.
LaTeX Info: Redefining \textls on input line 1449.
\MT@outer@kern=\dimen149
LaTeX Info: Redefining \microtypecontext on input line 2053.
LaTeX Info: Redefining \textmicrotypecontext on input line 2070.
\MT@listname@count=\count286

(C:\Users\Grzegorz\AppData\Local\Programs\MiKTeX\tex/latex/microtype\microtype-
pdftex.def
File: microtype-pdftex.def 2026/03/01 v3.2d Definitions specific to pdftex (RS)

LaTeX Info: Redefining \lsstyle on input line 944.
LaTeX Info: Redefining \lslig on input line 944.
\MT@outer@space=\skip65
)
Package microtype Info: Loading configuration file microtype.cfg.

(C:\Users\Grzegorz\AppData\Local\Programs\MiKTeX\tex/latex/microtype\microtype.
cfg
File: microtype.cfg 2026/03/01 v3.2d microtype main configuration file (RS)
)
LaTeX Info: Redefining \microtypesetup on input line 3065.
)
(C:\Users\Grzegorz\AppData\Local\Programs\MiKTeX\tex/generic/babel\babel.sty
Package: babel 2025/12/11 v25.17 The multilingual framework for LuaLaTeX, pdfLa
TeX and XeLaTeX
\babel@savecnt=\count287
LaTeX Encoding Info:    Redeclaring text command \ij (encoding OT1) on input li
ne 2068.
LaTeX Encoding Info:    Redeclaring text command \IJ (encoding OT1) on input li
ne 2070.
LaTeX Encoding Info:    Redeclaring text command \ij (encoding T1) on input lin
e 2072.
LaTeX Encoding Info:    Redeclaring text command \IJ (encoding T1) on input lin
e 2073.
LaTeX Encoding Info:    Ignoring declaration for text command \ij (encoding ?) 
on input line 2074.
LaTeX Encoding Info:    Ignoring declaration for text command \IJ (encoding ?) 
on input line 2076.
LaTeX Encoding Info:    Ignoring declaration for text command \SS (encoding ?) 
on input line 2101.
\U@D=\dimen150
\l@unhyphenated=\language79

(C:\Users\Grzegorz\AppData\Local\Programs\MiKTeX\tex/generic/babel\txtbabel.def
)
\bbl@readstream=\read2
\bbl@dirlevel=\count288
Package babel Info: Configuration files are deprecated, as
(babel)             they can break document portability.
(babel)             Reported on input line 4196.

*************************************
* Local config file bblopts.cfg used
*
(C:\Users\Grzegorz\AppData\Local\Programs\MiKTeX\tex/latex/arabi\bblopts.cfg
File: bblopts.cfg 2005/09/08 v0.1 add Arabic and Farsi to "declared" options of
 babel
)
(C:\Users\Grzegorz\AppData\Local\Programs\MiKTeX\tex/generic/babel/locale/pl\ba
bel-polish.tex)
Package babel Info: Importing font and identification data for polish
(babel)             from babel-pl.ini. Reported on input line 4320.

(C:\Users\Grzegorz\AppData\Local\Programs\MiKTeX\tex/latex/babel-polish\polish.
ldf
Language: polish 2022/03/12 1.3 Babel support for Polish
Package babel Info: Making " an active character on input line 101.
))

Class scrartcl Warning: Usage of package `parskip' together
(scrartcl)              with a KOMA-Script class is not recommended.
(scrartcl)              I'd suggest to use option
(scrartcl)              `parskip' with one of it's several values.
(scrartcl)              Nevertheless, using requested
(scrartcl)              package `parskip' on input line 8.

(C:\Users\Grzegorz\AppData\Local\Programs\MiKTeX\tex/latex/parskip\parskip.sty
Package: parskip 2021-03-14 v2.0h non-zero parskip adjustments

(C:\Users\Grzegorz\AppData\Local\Programs\MiKTeX\tex/latex/kvoptions\kvoptions.
sty
Package: kvoptions 2022-06-15 v3.15 Key value format for package options (HO)

(C:\Users\Grzegorz\AppData\Local\Programs\MiKTeX\tex/generic/ltxcmds\ltxcmds.st
y
Package: ltxcmds 2023-12-04 v1.26 LaTeX kernel commands for general use (HO)
)
(C:\Users\Grzegorz\AppData\Local\Programs\MiKTeX\tex/latex/kvsetkeys\kvsetkeys.
sty
Package: kvsetkeys 2022-10-05 v1.19 Key value parser (HO)
)))
(C:\Users\Grzegorz\AppData\Local\Programs\MiKTeX\tex/latex/xcolor\xcolor.sty
Package: xcolor 2024/09/29 v3.02 LaTeX color extensions (UK)

(C:\Users\Grzegorz\AppData\Local\Programs\MiKTeX\tex/latex/graphics-cfg\color.c
fg
File: color.cfg 2016/01/02 v1.6 sample color configuration
)
Package xcolor Info: Driver file: pdftex.def on input line 274.

(C:\Users\Grzegorz\AppData\Local\Programs\MiKTeX\tex/latex/graphics-def\pdftex.
def
File: pdftex.def 2025/09/29 v1.2d Graphics/color driver for pdftex
)
(C:\Users\Grzegorz\AppData\Local\Programs\MiKTeX\tex/latex/graphics\mathcolor.l
tx)
Package xcolor Info: Model `cmy' substituted by `cmy0' on input line 1349.
Package xcolor Info: Model `hsb' substituted by `rgb' on input line 1353.
Package xcolor Info: Model `RGB' extended on input line 1365.
Package xcolor Info: Model `HTML' substituted by `rgb' on input line 1367.
Package xcolor Info: Model `Hsb' substituted by `hsb' on input line 1368.
Package xcolor Info: Model `tHsb' substituted by `hsb' on input line 1369.
Package xcolor Info: Model `HSB' substituted by `hsb' on input line 1370.
Package xcolor Info: Model `Gray' substituted by `gray' on input line 1371.
Package xcolor Info: Model `wave' substituted by `hsb' on input line 1372.
)
(C:\Users\Grzegorz\AppData\Local\Programs\MiKTeX\tex/latex/amsmath\amsmath.sty
Package: amsmath 2025/07/09 v2.17z AMS math features
\@mathmargin=\skip66

For additional information on amsmath, use the `?' option.
(C:\Users\Grzegorz\AppData\Local\Programs\MiKTeX\tex/latex/amsmath\amstext.sty
Package: amstext 2024/11/17 v2.01 AMS text

(C:\Users\Grzegorz\AppData\Local\Programs\MiKTeX\tex/latex/amsmath\amsgen.sty
File: amsgen.sty 1999/11/30 v2.0 generic functions
\@emptytoks=\toks22
\ex@=\dimen151
)) (C:\Users\Grzegorz\AppData\Local\Programs\MiKTeX\tex/latex/amsmath\amsbsy.st
y
Package: amsbsy 1999/11/29 v1.2d Bold Symbols
\pmbraise@=\dimen152
) (C:\Users\Grzegorz\AppData\Local\Programs\MiKTeX\tex/latex/amsmath\amsopn.sty
Package: amsopn 2022/04/08 v2.04 operator names
)
\inf@bad=\count289
LaTeX Info: Redefining \frac on input line 233.
\uproot@=\count290
\leftroot@=\count291
LaTeX Info: Redefining \overline on input line 398.
LaTeX Info: Redefining \colon on input line 409.
\classnum@=\count292
\DOTSCASE@=\count293
LaTeX Info: Redefining \ldots on input line 495.
LaTeX Info: Redefining \dots on input line 498.
LaTeX Info: Redefining \cdots on input line 619.
\Mathstrutbox@=\box56
\strutbox@=\box57
LaTeX Info: Redefining \big on input line 721.
LaTeX Info: Redefining \Big on input line 722.
LaTeX Info: Redefining \bigg on input line 723.
LaTeX Info: Redefining \Bigg on input line 724.
\big@size=\dimen153
LaTeX Font Info:    Redeclaring font encoding OML on input line 742.
LaTeX Font Info:    Redeclaring font encoding OMS on input line 743.
\macc@depth=\count294
LaTeX Info: Redefining \bmod on input line 904.
LaTeX Info: Redefining \pmod on input line 909.
LaTeX Info: Redefining \smash on input line 939.
LaTeX Info: Redefining \relbar on input line 969.
LaTeX Info: Redefining \Relbar on input line 970.
\c@MaxMatrixCols=\count295
\dotsspace@=\muskip17
\c@parentequation=\count296
\dspbrk@lvl=\count297
\tag@help=\toks23
\row@=\count298
\column@=\count299
\maxfields@=\count300
\andhelp@=\toks24
\eqnshift@=\dimen154
\alignsep@=\dimen155
\tagshift@=\dimen156
\tagwidth@=\dimen157
\totwidth@=\dimen158
\lineht@=\dimen159
\@envbody=\toks25
\multlinegap=\skip67
\multlinetaggap=\skip68
\mathdisplay@stack=\toks26
LaTeX Info: Redefining \[ on input line 2950.
LaTeX Info: Redefining \] on input line 2951.
)
(C:\Users\Grzegorz\AppData\Local\Programs\MiKTeX\tex/latex/amsfonts\amssymb.sty
Package: amssymb 2013/01/14 v3.01 AMS font symbols

(C:\Users\Grzegorz\AppData\Local\Programs\MiKTeX\tex/latex/amsfonts\amsfonts.st
y
Package: amsfonts 2013/01/14 v3.01 Basic AMSFonts support
\symAMSa=\mathgroup4
\symAMSb=\mathgroup5
LaTeX Font Info:    Redeclaring math symbol \hbar on input line 98.
LaTeX Font Info:    Overwriting math alphabet `\mathfrak' in version `bold'
(Font)                  U/euf/m/n --> U/euf/b/n on input line 106.
))
(C:\Users\Grzegorz\AppData\Local\Programs\MiKTeX\tex/latex/graphics\graphicx.st
y
Package: graphicx 2024/12/31 v1.2e Enhanced LaTeX Graphics (DPC,SPQR)

(C:\Users\Grzegorz\AppData\Local\Programs\MiKTeX\tex/latex/graphics\graphics.st
y
Package: graphics 2024/08/06 v1.4g Standard LaTeX Graphics (DPC,SPQR)
 (C:\Users\Grzegorz\AppData\Local\Programs\MiKTeX\tex/latex/graphics\trig.sty
Package: trig 2023/12/02 v1.11 sin cos tan (DPC)
)
(C:\Users\Grzegorz\AppData\Local\Programs\MiKTeX\tex/latex/graphics-cfg\graphic
s.cfg
File: graphics.cfg 2016/06/04 v1.11 sample graphics configuration
)
Package graphics Info: Driver file: pdftex.def on input line 106.
)
\Gin@req@height=\dimen160
\Gin@req@width=\dimen161
)
(C:\Users\Grzegorz\AppData\Local\Programs\MiKTeX\tex/latex/float\float.sty
Package: float 2001/11/08 v1.3d Float enhancements (AL)
\c@float@type=\count301
\float@exts=\toks27
\float@box=\box58
\@float@everytoks=\toks28
\@floatcapt=\box59
)
(C:\Users\Grzegorz\AppData\Local\Programs\MiKTeX\tex/latex/tools\tabularx.sty
Package: tabularx 2023/12/11 v2.12a `tabularx' package (DPC)

(C:\Users\Grzegorz\AppData\Local\Programs\MiKTeX\tex/latex/tools\array.sty
Package: array 2025/09/25 v2.6n Tabular extension package (FMi)
\col@sep=\dimen162
\ar@mcellbox=\box60
\extrarowheight=\dimen163
\NC@list=\toks29
\extratabsurround=\skip69
\backup@length=\skip70
\ar@cellbox=\box61
)
\TX@col@width=\dimen164
\TX@old@table=\dimen165
\TX@old@col=\dimen166
\TX@target=\dimen167
\TX@delta=\dimen168
\TX@cols=\count302
\TX@ftn=\toks30
)
(C:\Users\Grzegorz\AppData\Local\Programs\MiKTeX\tex/latex/makecell\makecell.st
y
Package: makecell 2009/08/03 V0.1e Managing of Tab Column Heads and Cells
\rotheadsize=\dimen169
\c@nlinenum=\count303
\TeXr@lab=\toks31
)
(C:\Users\Grzegorz\AppData\Local\Programs\MiKTeX\tex/latex/hyperref\hyperref.st
y
Package: hyperref 2025-07-12 v7.01o Hypertext links for LaTeX
 (C:\Users\Grzegorz\AppData\Local\Programs\MiKTeX\tex/generic/iftex\iftex.sty
Package: iftex 2024/12/12 v1.0g TeX engine tests
)
(C:\Users\Grzegorz\AppData\Local\Programs\MiKTeX\tex/generic/kvdefinekeys\kvdef
inekeys.sty
Package: kvdefinekeys 2019-12-19 v1.6 Define keys (HO)
)
(C:\Users\Grzegorz\AppData\Local\Programs\MiKTeX\tex/generic/pdfescape\pdfescap
e.sty
Package: pdfescape 2019/12/09 v1.15 Implements pdfTeX's escape features (HO)

(C:\Users\Grzegorz\AppData\Local\Programs\MiKTeX\tex/generic/pdftexcmds\pdftexc
mds.sty
Package: pdftexcmds 2020-06-27 v0.33 Utility functions of pdfTeX for LuaTeX (HO
)

(C:\Users\Grzegorz\AppData\Local\Programs\MiKTeX\tex/generic/infwarerr\infwarer
r.sty
Package: infwarerr 2019/12/03 v1.5 Providing info/warning/error messages (HO)
)
Package pdftexcmds Info: \pdf@primitive is available.
Package pdftexcmds Info: \pdf@ifprimitive is available.
Package pdftexcmds Info: \pdfdraftmode found.
))
(C:\Users\Grzegorz\AppData\Local\Programs\MiKTeX\tex/latex/hycolor\hycolor.sty
Package: hycolor 2020-01-27 v1.10 Color options for hyperref/bookmark (HO)
)
(C:\Users\Grzegorz\AppData\Local\Programs\MiKTeX\tex/latex/hyperref\nameref.sty
Package: nameref 2025-06-21 v2.57 Cross-referencing by name of section

(C:\Users\Grzegorz\AppData\Local\Programs\MiKTeX\tex/latex/refcount\refcount.st
y
Package: refcount 2019/12/15 v3.6 Data extraction from label references (HO)
)
(C:\Users\Grzegorz\AppData\Local\Programs\MiKTeX\tex/generic/gettitlestring\get
titlestring.sty
Package: gettitlestring 2019/12/15 v1.6 Cleanup title references (HO)
)
\c@section@level=\count304
)
(C:\Users\Grzegorz\AppData\Local\Programs\MiKTeX\tex/generic/stringenc\stringen
c.sty
Package: stringenc 2019/11/29 v1.12 Convert strings between diff. encodings (HO
)
)
\@linkdim=\dimen170
\Hy@linkcounter=\count305
\Hy@pagecounter=\count306

(C:\Users\Grzegorz\AppData\Local\Programs\MiKTeX\tex/latex/hyperref\pd1enc.def
File: pd1enc.def 2025-07-12 v7.01o Hyperref: PDFDocEncoding definition (HO)
Now handling font encoding PD1 ...
... no UTF-8 mapping file for font encoding PD1
)
(C:\Users\Grzegorz\AppData\Local\Programs\MiKTeX\tex/generic/intcalc\intcalc.st
y
Package: intcalc 2019/12/15 v1.3 Expandable calculations with integers (HO)
)
\Hy@SavedSpaceFactor=\count307

(C:\Users\Grzegorz\AppData\Local\Programs\MiKTeX\tex/latex/hyperref\puenc.def
File: puenc.def 2025-07-12 v7.01o Hyperref: PDF Unicode definition (HO)
Now handling font encoding PU ...
... no UTF-8 mapping file for font encoding PU
)
Package hyperref Info: Option `colorlinks' set `true' on input line 4066.
Package hyperref Info: Hyper figures OFF on input line 4195.
Package hyperref Info: Link nesting OFF on input line 4200.
Package hyperref Info: Hyper index ON on input line 4203.
Package hyperref Info: Plain pages OFF on input line 4210.
Package hyperref Info: Backreferencing OFF on input line 4215.
Package hyperref Info: Implicit mode ON; LaTeX internals redefined.
Package hyperref Info: Bookmarks ON on input line 4462.
\c@Hy@tempcnt=\count308

(C:\Users\Grzegorz\AppData\Local\Programs\MiKTeX\tex/latex/url\url.sty
\Urlmuskip=\muskip18
Package: url 2013/09/16  ver 3.4  Verb mode for urls, etc.
)
LaTeX Info: Redefining \url on input line 4801.
\XeTeXLinkMargin=\dimen171

(C:\Users\Grzegorz\AppData\Local\Programs\MiKTeX\tex/generic/bitset\bitset.sty
Package: bitset 2019/12/09 v1.3 Handle bit-vector datatype (HO)

(C:\Users\Grzegorz\AppData\Local\Programs\MiKTeX\tex/generic/bigintcalc\bigintc
alc.sty
Package: bigintcalc 2019/12/15 v1.5 Expandable calculations on big integers (HO
)
))
\Fld@menulength=\count309
\Field@Width=\dimen172
\Fld@charsize=\dimen173
Package hyperref Info: Hyper figures OFF on input line 6078.
Package hyperref Info: Link nesting OFF on input line 6083.
Package hyperref Info: Hyper index ON on input line 6086.
Package hyperref Info: backreferencing OFF on input line 6093.
Package hyperref Info: Link coloring ON on input line 6096.
Package hyperref Info: Link coloring with OCG OFF on input line 6103.
Package hyperref Info: PDF/A mode OFF on input line 6108.
\Hy@abspage=\count310
\c@Item=\count311
\c@Hfootnote=\count312
)
Package hyperref Info: Driver (autodetected): hpdftex.

(C:\Users\Grzegorz\AppData\Local\Programs\MiKTeX\tex/latex/hyperref\hpdftex.def
File: hpdftex.def 2025-07-12 v7.01o Hyperref driver for pdfTeX
\Fld@listcount=\count313
\c@bookmark@seq@number=\count314

(C:\Users\Grzegorz\AppData\Local\Programs\MiKTeX\tex/latex/rerunfilecheck\rerun
filecheck.sty
Package: rerunfilecheck 2025-06-21 v1.11 Rerun checks for auxiliary files (HO)

(C:\Users\Grzegorz\AppData\Local\Programs\MiKTeX\tex/generic/uniquecounter\uniq
uecounter.sty
Package: uniquecounter 2019/12/15 v1.4 Provide unlimited unique counter (HO)
)
Package uniquecounter Info: New unique counter `rerunfilecheck' on input line 2
84.
)
\Hy@SectionHShift=\skip71
)
(C:\Users\Grzegorz\AppData\Local\Programs\MiKTeX\tex/latex/caption\caption.sty
Package: caption 2023/08/05 v3.6o Customizing captions (AR)

Package tocbasic Info: Loading of class-dependent code for package caption3
(tocbasic)             prevented on line 50.


(C:\Users\Grzegorz\AppData\Local\Programs\MiKTeX\tex/latex/caption\caption3.sty
Package: caption3 2023/07/31 v2.4d caption3 kernel (AR)
\caption@tempdima=\dimen174
\captionmargin=\dimen175
\caption@leftmargin=\dimen176
\caption@rightmargin=\dimen177
\caption@width=\dimen178
\caption@indent=\dimen179
\caption@parindent=\dimen180
\caption@hangindent=\dimen181
)
\c@caption@flags=\count315
\c@continuedfloat=\count316
Package caption Info: float package is loaded.
Package caption Info: hyperref package is loaded.
)
(C:\Users\Grzegorz\AppData\Local\Programs\MiKTeX\tex/latex/hyphenat\hyphenat.st
y
Package: hyphenat 2009/09/02 v2.3c hyphenation utilities
\langwohyphens=\language80
LaTeX Info: Redefining \_ on input line 43.
)
Class scrartcl Info: loading recommended package `bookmark'.
(scrartcl)           Using `bookmark' together with `hyperref' is recommended,
(scrartcl)           because of handling of possible bookmark level gaps.
(scrartcl)           You can avoid loading `bookmark' with KOMA-Script option
(scrartcl)           `bookmarkpackage=false' before \begin{document} and
(scrartcl)           you can avoid this message adding:
(scrartcl)             \usepackage{bookmark}
(scrartcl)           before \begin{document} on input line 23.

(C:\Users\Grzegorz\AppData\Local\Programs\MiKTeX\tex/latex/bookmark\bookmark.st
y
Package: bookmark 2026-05-21 v1.32 PDF bookmarks (HO)

(C:\Users\Grzegorz\AppData\Local\Programs\MiKTeX\tex/latex/l3backend\l3backend-
pdftex.def
File: l3backend-pdftex.def 2025-10-09 L3 backend support: PDF output (pdfTeX)
\l__color_backend_stack_int=\count317
)
(C:\Users\Grzegorz\AppData\Local\Programs\MiKTeX\tex/latex/bookmark\bkm-pdftex.
def
File: bkm-pdftex.def 2026-05-21 v1.32 bookmark driver for pdfTeX (HO)
\BKM@id=\count318
))
LaTeX Font Info:    Trying to load font information for T1+lmr on input line 23
.
 (C:\Users\Grzegorz\AppData\Local\Programs\MiKTeX\tex/latex/lm\t1lmr.fd
File: t1lmr.fd 2015/05/01 v1.6.1 Font defs for Latin Modern
)
(BIAI-raport-koncowy.aux
Package babel Info: 'polish' activates 'polish' shorthands.
(babel)             Reported on input line 10.


LaTeX Warning: Label `fig:raw_data' multiply defined.


LaTeX Warning: Label `fig' multiply defined.

)
\openout1 = `BIAI-raport-koncowy.aux'.

LaTeX Font Info:    Checking defaults for OML/cmm/m/it on input line 23.
LaTeX Font Info:    ... okay on input line 23.
LaTeX Font Info:    Checking defaults for OMS/cmsy/m/n on input line 23.
LaTeX Font Info:    ... okay on input line 23.
LaTeX Font Info:    Checking defaults for OT1/cmr/m/n on input line 23.
LaTeX Font Info:    ... okay on input line 23.
LaTeX Font Info:    Checking defaults for T1/cmr/m/n on input line 23.
LaTeX Font Info:    ... okay on input line 23.
LaTeX Font Info:    Checking defaults for TS1/cmr/m/n on input line 23.
LaTeX Font Info:    ... okay on input line 23.
LaTeX Font Info:    Checking defaults for OMX/cmex/m/n on input line 23.
LaTeX Font Info:    ... okay on input line 23.
LaTeX Font Info:    Checking defaults for U/cmr/m/n on input line 23.
LaTeX Font Info:    ... okay on input line 23.
LaTeX Font Info:    Checking defaults for PD1/pdf/m/n on input line 23.
LaTeX Font Info:    ... okay on input line 23.
LaTeX Font Info:    Checking defaults for PU/pdf/m/n on input line 23.
LaTeX Font Info:    ... okay on input line 23.
LaTeX Info: Redefining \microtypecontext on input line 23.
Package microtype Info: Applying patch `item' on input line 23.
Package microtype Info: Applying patch `toc' on input line 23.
Package microtype Info: Applying patch `eqnum' on input line 23.
Package microtype Info: Applying patch `footnote' on input line 23.
Package microtype Info: Applying patch `verbatim' on input line 23.
LaTeX Info: Redefining \microtypesetup on input line 23.
Package microtype Info: Generating PDF output.
Package microtype Info: Character protrusion enabled (level 2).
Package microtype Info: Using default protrusion set `alltext'.
Package microtype Info: Automatic font expansion enabled (level 2),
(microtype)             stretch: 20, shrink: 20, step: 1, non-selected.
Package microtype Info: Using default expansion set `alltext-nott'.
Package microtype Info: Patching command `\showhyphens'.
Package microtype Info: No adjustment of tracking.
Package microtype Info: No adjustment of interword spacing.
Package microtype Info: No adjustment of character kerning.

(C:\Users\Grzegorz\AppData\Local\Programs\MiKTeX\tex/latex/microtype\mt-cmr.cfg
File: mt-cmr.cfg 2013/05/19 v2.2 microtype config. file: Computer Modern Roman 
(RS)
)
(C:\Users\Grzegorz\AppData\Local\Programs\MiKTeX\tex/context/base/mkii\supp-pdf
.mkii
[Loading MPS to PDF converter (version 2006.09.02).]
\scratchcounter=\count319
\scratchdimen=\dimen182
\scratchbox=\box62
\nofMPsegments=\count320
\nofMParguments=\count321
\everyMPshowfont=\toks32
\MPscratchCnt=\count322
\MPscratchDim=\dimen183
\MPnumerator=\count323
\makeMPintoPDFobject=\count324
\everyMPtoPDFconversion=\toks33
)
(C:\Users\Grzegorz\AppData\Local\Programs\MiKTeX\tex/latex/epstopdf-pkg\epstopd
f-base.sty
Package: epstopdf-base 2020-01-24 v2.11 Base part for package epstopdf

(C:\Users\Grzegorz\AppData\Local\Programs\MiKTeX\tex/latex/grfext\grfext.sty
Package: grfext 2019/12/03 v1.3 Manage graphics extensions (HO)
)
Package epstopdf-base Info: Redefining graphics rule for `.eps' on input line 4
85.
Package grfext Info: Graphics extension search list:
(grfext)             [.pdf,.png,.jpg,.mps,.jpeg,.jbig2,.jb2,.PDF,.PNG,.JPG,.JPE
G,.JBIG2,.JB2,.eps]
(grfext)             \AppendGraphicsExtensions on input line 504.

(C:\Users\Grzegorz\AppData\Local\Programs\MiKTeX\tex/latex/00miktex\epstopdf-sy
s.cfg
File: epstopdf-sys.cfg 2021/03/18 v2.0 Configuration of epstopdf for MiKTeX
))
Package hyperref Info: Link coloring ON on input line 23.
Package caption Info: Begin \AtBeginDocument code.
Package caption Info: End \AtBeginDocument code.
 [1

{C:/Users/Grzegorz/AppData/Local/MiKTeX/fonts/map/pdftex/pdftex.map}{C:/Users/G
rzegorz/AppData/Local/Programs/MiKTeX/fonts/enc/dvips/lm/lm-ec.enc}]
LaTeX Font Info:    Trying to load font information for T1+lmss on input line 5
7.

(C:\Users\Grzegorz\AppData\Local\Programs\MiKTeX\tex/latex/lm\t1lmss.fd
File: t1lmss.fd 2015/05/01 v1.6.1 Font defs for Latin Modern
)
Package microtype Info: Loading generic protrusion settings for font family
(microtype)             `lmss' (encoding: T1).
(microtype)             For optimal results, create family-specific settings.
(microtype)             See the microtype manual for details.

Overfull \hbox (19.21184pt too wide) in paragraph at lines 59--60
\T1/lmr/m/n/12 (-20) i od-po-wied-nio przy-go-to-wano je do szko-le-nia kilku m
o-deli sieci neu-ro-no-wych, aby prze-pro-wa-dzi¢
 []


Overfull \hbox (0.24944pt too wide) in paragraph at lines 75--76
\T1/lmr/m/n/12 (-20) Przed roz-po-cz¦-ciem wªa-±ci-wego ba-da-nia uczest-nik uz
u-peª-niaª krótk¡ an-kiet¦ oraz otrzy-maª
 []


Overfull \hbox (25.45636pt too wide) in paragraph at lines 75--76
\T1/lmr/m/n/12 (-20) in-struk-cj¦ do-ty-cz¡c¡ prze-biegu eks-pe-ry-mentu. Na-st
¦p-nie wy-ko-nano krótki etap przy-go-to-waw-czy,
 []

[1]
LaTeX Font Info:    Trying to load font information for OT1+lmr on input line 8
2.
 (C:\Users\Grzegorz\AppData\Local\Programs\MiKTeX\tex/latex/lm\ot1lmr.fd
File: ot1lmr.fd 2015/05/01 v1.6.1 Font defs for Latin Modern
)
LaTeX Font Info:    Trying to load font information for OML+lmm on input line 8
2.

(C:\Users\Grzegorz\AppData\Local\Programs\MiKTeX\tex/latex/lm\omllmm.fd
File: omllmm.fd 2015/05/01 v1.6.1 Font defs for Latin Modern
)
LaTeX Font Info:    Trying to load font information for OMS+lmsy on input line 
82.

(C:\Users\Grzegorz\AppData\Local\Programs\MiKTeX\tex/latex/lm\omslmsy.fd
File: omslmsy.fd 2015/05/01 v1.6.1 Font defs for Latin Modern
)
LaTeX Font Info:    Trying to load font information for OMX+lmex on input line 
82.

(C:\Users\Grzegorz\AppData\Local\Programs\MiKTeX\tex/latex/lm\omxlmex.fd
File: omxlmex.fd 2015/05/01 v1.6.1 Font defs for Latin Modern
)
LaTeX Font Info:    External font `lmex10' loaded for size
(Font)              <12> on input line 82.
LaTeX Font Info:    External font `lmex10' loaded for size
(Font)              <8> on input line 82.
LaTeX Font Info:    External font `lmex10' loaded for size
(Font)              <6> on input line 82.
LaTeX Font Info:    Trying to load font information for U+msa on input line 82.


(C:\Users\Grzegorz\AppData\Local\Programs\MiKTeX\tex/latex/amsfonts\umsa.fd
File: umsa.fd 2013/01/14 v3.01 AMS symbols A
)
(C:\Users\Grzegorz\AppData\Local\Programs\MiKTeX\tex/latex/microtype\mt-msa.cfg
File: mt-msa.cfg 2006/02/04 v1.1 microtype config. file: AMS symbols (a) (RS)
)
LaTeX Font Info:    Trying to load font information for U+msb on input line 82.

 (C:\Users\Grzegorz\AppData\Local\Programs\MiKTeX\tex/latex/amsfonts\umsb.fd
File: umsb.fd 2013/01/14 v3.01 AMS symbols B
)
(C:\Users\Grzegorz\AppData\Local\Programs\MiKTeX\tex/latex/microtype\mt-msb.cfg
File: mt-msb.cfg 2005/06/01 v1.0 microtype config. file: AMS symbols (b) (RS)
)
LaTeX Font Info:    Trying to load font information for T1+lmtt on input line 8
7.
 (C:\Users\Grzegorz\AppData\Local\Programs\MiKTeX\tex/latex/lm\t1lmtt.fd
File: t1lmtt.fd 2015/05/01 v1.6.1 Font defs for Latin Modern
)
Package microtype Info: Loading generic protrusion settings for font family
(microtype)             `lmtt' (encoding: T1).
(microtype)             For optimal results, create family-specific settings.
(microtype)             See the microtype manual for details.

Overfull \hbox (1.47235pt too wide) in paragraph at lines 93--94
[]\T1/lmr/m/n/12 (-20) Czas po-trzebny na wy-ko-na-nie po-je-dyn-czej próby nie
 byª za-wsze taki sam. Sama pre-zen-ta-cja
 []


Overfull \hbox (15.37349pt too wide) in paragraph at lines 103--110
\T1/lmr/m/n/12 (-20) Projekt re-ali-zo-wano w kilku ±ro-do-wi-skach. Kod two-rz
ono i uru-cha-miano gªów-nie w ±ro-do-wi-sku
 []


Overfull \hbox (1.5059pt too wide) in paragraph at lines 103--110
\T1/lmr/m/n/12 (-20) i wy-ma-ga-nych bi-blio-tek) oraz w ±ro-do-wi-sku Go-ogle 
Co-lab, wy-god-nym zwªasz-cza do ucze-nia
 []

[2{C:/Users/Grzegorz/AppData/Local/Programs/MiKTeX/fonts/enc/dvips/lm/lm-mathsy
.enc}]
Overfull \hbox (11.16245pt too wide) in paragraph at lines 134--139
\T1/lmr/m/n/12 (-20) W za-da-niu kla-sy-fi-ka-cji ob-ra-zów wy-ko-rzy-stano fi-
nal-nie trzy ar-chi-tek-tury sieci kon-wo-lu-cyj-nych:
 []


Overfull \hbox (8.94969pt too wide) in paragraph at lines 134--139
\T1/lmr/m/n/12 (-20) kla-syczn¡ sie¢ CNN dzia-ªa-j¡c¡ na re-pre-zen-ta-cji czas
owo-cz¦stotliwo±ciowej (spek-tro-gra-mach)
 []


Overfull \hbox (7.01526pt too wide) in paragraph at lines 140--145
\T1/lmr/m/n/12 (-20) na ar-chi-tek-tu-rze EEGNet, a de-ko-der zbu-do-wano ze sp
lo-tów trans-po-no-wa-nych, roz-wi-ja-j¡-cych
 []


Overfull \hbox (6.53992pt too wide) in paragraph at lines 154--155
\T1/lmr/m/n/12 (-20) zªo-»o-nego z sze-regu funk-cji wy-ko-ny-wa-nych w usta-lo
-nej ko-lej-no-±ci. Ka»da z nich od-po-wia-daªa
 []

[3]
<assets/data_preparation_pipeline.png, id=35, 795.97375pt x 604.2575pt>
File: assets/data_preparation_pipeline.png Graphic file (type png)
<use assets/data_preparation_pipeline.png>
Package pdftex.def Info: assets/data_preparation_pipeline.png  used on input li
ne 158.
(pdftex.def)             Requested size: 403.31511pt x 306.16646pt.

Overfull \hbox (11.49677pt too wide) in paragraph at lines 167--169
\T1/lmr/m/n/12 (-20) Na po-cz¡tku skryptu zgro-ma-dzono wszyst-kie pa-ra-me-try
 ste-ru-j¡ce prze-bie-giem prze-twa-rza-nia.
 []

<assets/variables.png, id=36, 665.48625pt x 759.83875pt>
File: assets/variables.png Graphic file (type png)
<use assets/variables.png>
Package pdftex.def Info: assets/variables.png  used on input line 172.
(pdftex.def)             Requested size: 448.13095pt x 511.67482pt.
[4 <./assets/data_preparation_pipeline.png>]
Overfull \hbox (22.41179pt too wide) in paragraph at lines 177--180
\T1/lmr/m/n/12 (-20) Po-nadto w zmien-nej \T1/lmtt/m/n/12 categories \T1/lmr/m/
n/12 (-20) prze-cho-wy-wano je-de-na-±cie ka-te-go-rii ob-ra-zów wy-ko-rzy-sta-
nych
 []

[5 <./assets/variables.png>]
Overfull \hbox (9.06981pt too wide) in paragraph at lines 184--187
\T1/lmr/m/n/12 (-20) ka-na-ªami, a \T1/lmtt/m/n/12 reduct_-tfa_-using_-baseline
 \T1/lmr/m/n/12 (-20) wraz z pa-ra-me-trem \T1/lmtt/m/n/12 chosen_-reduction_-m
ethod
 []


Overfull \hbox (14.52702pt too wide) in paragraph at lines 188--189
\T1/lmr/m/n/12 (-20) da-nych na eta-pie eks-plo-ra-cji. Zmienne \T1/lmtt/m/n/12
 image_-channel\T1/lmr/m/n/12 (-20) , \T1/lmtt/m/n/12 image_-epoch \T1/lmr/m/n/
12 (-20) oraz \T1/lmtt/m/n/12 chosen_-category
 []


Overfull \hbox (4.76584pt too wide) in paragraph at lines 188--189
\T1/lmr/m/n/12 (-20) ze-staw flag \T1/lmtt/m/n/12 do_-generate_-... \T1/lmr/m/n
/12 (-20) po-zwa-laª wª¡-cza¢ po-szcze-gólne ro-dzaje ilu-stra-cji (po-je-dyn-c
zy
 []


Overfull \hbox (33.00386pt too wide) in paragraph at lines 190--192
[]\T1/lmr/m/n/12 (-20) Na ko-niec, na pod-sta-wie po-wy»-szych usta-wie«, wy-zn
a-czano zmienne po-moc-ni-cze wy-ko-rzy-sty-wane
 []


Overfull \hbox (1.85916pt too wide) in paragraph at lines 190--192
\T1/lmr/m/n/12 (-20) pseu-do-nim i plik zda-rze« pierw-szego z nich (\T1/lmtt/m
/n/12 NICK_-BADANEGO\T1/lmr/m/n/12 (-20) , \T1/lmtt/m/n/12 CSV_-EVENTY\T1/lmr/m
/n/12 (-20) ). Za-de-kla-ro-wano
 []


Overfull \hbox (36.62752pt too wide) in paragraph at lines 190--192
\T1/lmr/m/n/12 (-20) sy-gnaª po-dzie-lony na epoki (\T1/lmtt/m/n/12 epochs\T1/l
mr/m/n/12 (-20) ) oraz prze-two-rzon¡ re-pre-zen-ta-cj¦ licz-bow¡ (\T1/lmtt/m/n
/12 tfData_-float32\T1/lmr/m/n/12 (-20) )
 []

<assets/raw_data.png, id=51, 1220.56pt x 248.93pt>
File: assets/raw_data.png Graphic file (type png)
<use assets/raw_data.png>
Package pdftex.def Info: assets/raw_data.png  used on input line 199.
(pdftex.def)             Requested size: 448.13095pt x 91.39615pt.
[6]
Overfull \hbox (0.66876pt too wide) in paragraph at lines 204--205
[]\T1/lmr/m/n/12 (-20) Do ich od-czytu wy-ko-rzy-stano funk-cj¦ \T1/lmtt/m/n/12
 read_-raw_-edf() \T1/lmr/m/n/12 (-20) z bi-blio-teki MNE. Sy-gnaª wczy-tano
 []


Overfull \hbox (8.02373pt too wide) in paragraph at lines 204--205
\T1/lmr/m/n/12 (-20) aby mo»-liwe byªo jego pó¹-niej-sze fil-tro-wa-nie i  mo-d
y-fi-ka-cja. Wª¡-czono rów-nie» au-to-ma-tyczne
 []

LaTeX Font Info:    Trying to load font information for TS1+lmr on input line 2
15.
(C:\Users\Grzegorz\AppData\Local\Programs\MiKTeX\tex/latex/lm\ts1lmr.fd
File: ts1lmr.fd 2015/05/01 v1.6.1 Font defs for Latin Modern
)
[7{C:/Users/Grzegorz/AppData/Local/Programs/MiKTeX/fonts/enc/dvips/lm/lm-ts1.en
c} <./assets/raw_data.png>]
<assets/channel_mapping.png, id=67, 811.03pt x 573.14125pt>
File: assets/channel_mapping.png Graphic file (type png)
<use assets/channel_mapping.png>
Package pdftex.def Info: assets/channel_mapping.png  used on input line 231.
(pdftex.def)             Requested size: 448.13095pt x 316.68915pt.
 [8 <./assets/channel_mapping.png>]
Overfull \hbox (2.25293pt too wide) in paragraph at lines 242--243
[]\T1/lmr/m/n/12 (-20) Po upo-rz¡d-ko-wa-niu ka-na-ªów przy-pi-sano do da-nych 
mon-ta» \T1/lmtt/m/n/12 standard_-1020\T1/lmr/m/n/12 (-20) . Wy-ko-rzy-stano
 []

<assets/standard_10-20_map.png, id=75, 653.44125pt x 622.325pt>
File: assets/standard_10-20_map.png Graphic file (type png)
<use assets/standard_10-20_map.png>
Package pdftex.def Info: assets/standard_10-20_map.png  used on input line 249.

(pdftex.def)             Requested size: 403.31511pt x 384.10925pt.
[9]
Overfull \hbox (2.17368pt too wide) in paragraph at lines 254--255
[]\T1/lmr/m/n/12 (-20) Na wy-kre-sie elek-trody EEG zo-staªy roz-miesz-czone zg
od-nie ze stan-dar-dem 10--20. Wi-doczna
 []


Overfull \hbox (26.39578pt too wide) in paragraph at lines 254--255
\T1/lmr/m/n/12 (-20) po-praw-no±¢ przy-pi-sa-nia nazw elek-trod do stan-dar-do-
wych po-zy-cji prze-strzen-nych. Przy-go-to-wane
 []


Overfull \hbox (23.38539pt too wide) in paragraph at lines 256--258
\T1/lmr/m/n/12 (-20) w ba-da-niach EEG. Ope-ra-cj¦ t¦ wy-ko-nano funk-cj¡ \T1/l
mtt/m/n/12 set_-eeg_-reference(ref_-channels=['A1',
 []

<assets/signal_filtering.png, id=81, 797.98125pt x 105.39375pt>
File: assets/signal_filtering.png Graphic file (type png)
<use assets/signal_filtering.png>
Package pdftex.def Info: assets/signal_filtering.png  used on input line 265.
(pdftex.def)             Requested size: 448.13095pt x 59.18733pt.
[10 <./assets/standard_10-20_map.png>]
Overfull \hbox (2.56331pt too wide) in paragraph at lines 270--271
\T1/lmr/m/n/12 (-20) ener-ge-tycz-nej (w Eu-ro-pie na-pi¦-cie zmienne ma cz¦-st
o-tli-wo±¢ 50 Hz). Na-st¦p-nie za-sto-so-wano
 []


Overfull \hbox (29.40025pt too wide) in paragraph at lines 270--271
\T1/lmr/m/n/12 (-20) pa-smo obej-muje za-kres istotny z punktu wi-dze-nia ana-l
i-zo-wa-nej ak-tyw-no-±ci kory wzro-ko-wej. 
 []


Overfull \hbox (5.46492pt too wide) in paragraph at lines 274--275
\T1/lmr/m/n/12 (-20) stanu ka»-dego ka-naªu. Na tej pod-sta-wie za-sto-so-wano 
dwu-stop-niowy me-cha-nizm oceny. 
 []

<assets/bad_quality_channels_detection.png, id=86, 745.78625pt x 1124.2pt>
File: assets/bad_quality_channels_detection.png Graphic file (type png)
<use assets/bad_quality_channels_detection.png>
Package pdftex.def Info: assets/bad_quality_channels_detection.png  used on inp
ut line 278.
(pdftex.def)             Requested size: 403.31511pt x 607.95097pt.
[11 <./assets/signal_filtering.png>]
Overfull \vbox (11.45096pt too high) has occurred while \output is active []


[12 <./assets/bad_quality_channels_detection.png>]
Overfull \hbox (3.1321pt too wide) in paragraph at lines 287--288
\T1/lmr/m/n/12 (-20) roz-kªada za-re-je-stro-wany sy-gnaª na zbiór skªa-do-wych
, z któ-rych cz¦±¢ od-po-wiada ak-tyw-no-±ci
 []


Overfull \hbox (12.97978pt too wide) in paragraph at lines 287--288
\T1/lmr/m/n/12 (-20) mi¦-±ni. Usu-ni¦-cie skªa-do-wych b¦-d¡-cych ar-te-fak-tam
i po-zwala oczy-±ci¢ sy-gnaª przy za-cho-wa-niu
 []

<assets/ICA.png, id=102, 1244.65pt x 946.53625pt>
File: assets/ICA.png Graphic file (type png)
<use assets/ICA.png>
Package pdftex.def Info: assets/ICA.png  used on input line 291.
(pdftex.def)             Requested size: 313.69029pt x 238.5544pt.

Overfull \hbox (12.40897pt too wide) in paragraph at lines 296--297
[]\T1/lmr/m/n/12 (-20) Model ICA do-pa-so-wano do da-nych, przyj-mu-j¡c liczb¦ 
skªa-do-wych od-po-wia-da-j¡c¡ za-cho-wa-niu
 []


Overfull \hbox (4.42433pt too wide) in paragraph at lines 296--297
\T1/lmr/m/n/12 (-20) iden-ty-fi-ka-cja skªa-do-wych prze-bie-gaªa au-to-ma-tycz
-nie; w do-ce-lo-wym po-st¦-po-wa-niu wska-zana
 []


Overfull \hbox (25.16269pt too wide) in paragraph at lines 300--301
\T1/lmr/m/n/12 (-20) Do dal-szej ana-lizy ko-nieczne byªo wy-od-r¦b-nie-nie z c
i¡-gªego za-pisu frag-men-tów od-po-wia-da-j¡-cych
 []

<assets/epochs.png, id=103, 1812.7725pt x 1075.01625pt>
File: assets/epochs.png Graphic file (type png)
<use assets/epochs.png>
Package pdftex.def Info: assets/epochs.png  used on input line 304.
(pdftex.def)             Requested size: 448.13095pt x 265.75159pt.
[13 <./assets/ICA.png>]
Overfull \hbox (12.18036pt too wide) in paragraph at lines 311--312
\T1/lmr/m/n/12 (-20) przed po-ja-wie-niem si¦ ob-razu do 0,5 s po nim. Frag-men
t po-prze-dza-j¡cy bo-dziec wy-ko-rzy-stano
 []


Overfull \hbox (18.43088pt too wide) in paragraph at lines 315--316
\T1/lmr/m/it/12 (-20) ana-ly-sis\T1/lmr/m/n/12 (-20) ), która po-zwala prze-±le
-dzi¢, jak moc sy-gnaªu w po-szcze-gól-nych pa-smach cz¦-sto-tli-wo-±ci
 []

[14 <./assets/epochs.png>]
<assets/morlet_wavelet.png, id=118, 1356.06625pt x 792.9625pt>
File: assets/morlet_wavelet.png Graphic file (type png)
<use assets/morlet_wavelet.png>
Package pdftex.def Info: assets/morlet_wavelet.png  used on input line 319.
(pdftex.def)             Requested size: 448.13095pt x 262.04141pt.

Overfull \hbox (3.62445pt too wide) in paragraph at lines 324--325
[]\T1/lmr/m/n/12 (-20) Wykorzystano w tym celu trans-for-mat¦ fal-kow¡ z za-sto
-so-wa-niem falki Mor-leta, wy-zna-cza-j¡c
 []

[15 <./assets/morlet_wavelet.png>]
Overfull \hbox (26.02583pt too wide) in paragraph at lines 332--333
\T1/lmr/m/n/12 (-20) Ostatnim eta-pem byª za-pis przy-go-to-wa-nych da-nych do 
pli-ków w for-ma-cie \T1/lmtt/m/n/12 .npy\T1/lmr/m/n/12 (-20) , umo»-li-wia-j¡-
cym
 []

<assets/save_data_to_files.png, id=126, 1209.51875pt x 561.09625pt>
File: assets/save_data_to_files.png Graphic file (type png)
<use assets/save_data_to_files.png>
Package pdftex.def Info: assets/save_data_to_files.png  used on input line 336.

(pdftex.def)             Requested size: 358.50612pt x 166.30963pt.

Overfull \hbox (10.76378pt too wide) in paragraph at lines 345--346
\T1/lmr/m/n/12 (-20) W celu ja-ko-±cio-wej oceny przy-go-to-wa-nych da-nych prz
e-wi-dziano ze-staw funk-cji po-moc-ni-czych,
 []


Overfull \hbox (12.87175pt too wide) in paragraph at lines 345--346
\T1/lmr/m/n/12 (-20) po-toku prze-ka-zy-wa-nego mo-de-lowi, lecz sªu-»yªy je-dy
-nie do pod-gl¡du i we-ry-fi-ka-cji po-praw-no-±ci
 []

<assets/generate_single_epoch_image.png, id=127, 1106.1325pt x 468.75125pt>
File: assets/generate_single_epoch_image.png Graphic file (type png)
<use assets/generate_single_epoch_image.png>
Package pdftex.def Info: assets/generate_single_epoch_image.png  used on input 
line 351.
(pdftex.def)             Requested size: 448.13095pt x 189.90042pt.
[16 <./assets/save_data_to_files.png>]
Overfull \hbox (14.1865pt too wide) in paragraph at lines 356--357
\T1/lmr/m/n/12 (-20) wy-zna-czano gra-nice po-mi¦-dzy ko-lej-nymi ka-te-go-riam
i, dzi¦ki czemu mo»-liwe byªo wy-±wie-tle-nie
 []


Overfull \hbox (50.0503pt too wide) in paragraph at lines 356--357
\T1/lmr/m/n/12 (-20) spek-tro-gra-mów od-po-wia-da-j¡-cych jed-nej, wy-bra-nej 
ka-te-go-rii (okre-±lo-nej zmienn¡ \T1/lmtt/m/n/12 chosen_-category\T1/lmr/m/n/
12 (-20) ).
 []

<assets/generate_single_channel_gif_in_image_order.png, id=136, 967.615pt x 867
.24pt>
File: assets/generate_single_channel_gif_in_image_order.png Graphic file (type 
png)
<use assets/generate_single_channel_gif_in_image_order.png>
Package pdftex.def Info: assets/generate_single_channel_gif_in_image_order.png 
 used on input line 360.
(pdftex.def)             Requested size: 448.13095pt x 401.64801pt.
[17 <./assets/generate_single_epoch_image.png>]
Overfull \hbox (17.05376pt too wide) in paragraph at lines 365--367
[]\T1/lmr/m/n/12 (-20) Trzecia funk-cja roz-sze-rzaªa po-wy»-sze po-dej-±cie na
 sze±¢ elek-trod jed-no-cze-±nie, pre-zen-to-wa-nych
 []

<assets/generate_combo_GIF_image_order.png, id=142, 1027.84pt x 892.33376pt>
File: assets/generate_combo_GIF_image_order.png Graphic file (type png)
<use assets/generate_combo_GIF_image_order.png>
Package pdftex.def Info: assets/generate_combo_GIF_image_order.png  used on inp
ut line 370.
(pdftex.def)             Requested size: 448.13095pt x 389.04709pt.
[18 <./assets/generate_single_channel_gif_in_image_order.png>]
Overfull \hbox (73.73593pt too wide) in paragraph at lines 377--378
\T1/lmr/m/n/12 (-20) naj-wa»-niej-sze usta-wie-nia po-toku (m.in. wy-bór ba-da-
nych, za-sto-so-wa-nie ana-lizy czasowo-cz¦stotliwo±ciowej
 []

<assets/generate_files.png, id=149, 1274.7625pt x 1190.4475pt>
File: assets/generate_files.png Graphic file (type png)
<use assets/generate_files.png>
Package pdftex.def Info: assets/generate_files.png  used on input line 381.
(pdftex.def)             Requested size: 403.31511pt x 376.62778pt.
[19 <./assets/generate_combo_GIF_image_order.png>]
Overfull \hbox (14.48322pt too wide) in paragraph at lines 386--387
[]\T1/lmr/m/n/12 (-20) Rozwi¡zanie to po-zwa-laªo wy-god-nie ge-ne-ro-wa¢ ró»ne
 wa-rianty zbioru da-nych bez ko-niecz-no-±ci
 []

File: assets/raw_data.png Graphic file (type png)
<use assets/raw_data.png>
Package pdftex.def Info: assets/raw_data.png  used on input line 395.
(pdftex.def)             Requested size: 448.13095pt x 91.39615pt.
[20 <./assets/generate_files.png>]
Overfull \hbox (17.18123pt too wide) in paragraph at lines 406--413
\T1/lmr/m/n/12 (-20) mie-sza-nie prze-pro-wa-dzono dwu-eta-powo, bez wczy-ty-wa
-nia ca-ªo-±ci na-raz. Naj-pierw wy-zna-czano
 []


Overfull \hbox (7.59952pt too wide) in paragraph at lines 428--437
\T1/lmr/m/n/12 (-20) w skryp-cie (m.in. za-sto-so-wa-nie ana-lizy czasowo-cz¦st
otliwo±ciowej oraz me-toda nor-ma-li-za-cji)
 []

[21]
Overfull \hbox (11.2705pt too wide) in paragraph at lines 455--457
\T1/lmr/m/n/12 (-20) tre-no-wa-nia sieci CNN utwo-rzo-nej do ce-lów pro-jektu b
yªy spek-to-gramy w skali lo-ga-ryt-micz-nej,
 []

<assets/abstractComp.png, id=169, 326.6604pt x 131.5314pt>
File: assets/abstractComp.png Graphic file (type png)
<use assets/abstractComp.png>
Package pdftex.def Info: assets/abstractComp.png  used on input line 460.
(pdftex.def)             Requested size: 448.13095pt x 180.44377pt.
<assets/AbstractFullComp.png, id=170, 145.2627pt x 164.0529pt>
File: assets/AbstractFullComp.png Graphic file (type png)
<use assets/AbstractFullComp.png>
Package pdftex.def Info: assets/AbstractFullComp.png  used on input line 468.
(pdftex.def)             Requested size: 448.13095pt x 506.14058pt.
[22 <./assets/abstractComp.png>] [23 <./assets/AbstractFullComp.png>]
Overfull \hbox (11.63991pt too wide) in paragraph at lines 474--475
[]\T1/lmr/m/n/12 (-20) Logartym miaª za-da-nie wy-rów-na¢ wy-kresy, nor-ma-li-z
a-cja, miaªa na celu skró-ce-nie prze-dzia-ªów
 []

<assets/randomFullComp.png, id=183, 291.0072pt x 328.1058pt>
File: assets/randomFullComp.png Graphic file (type png)
<use assets/randomFullComp.png>
Package pdftex.def Info: assets/randomFullComp.png  used on input line 478.
(pdftex.def)             Requested size: 403.31511pt x 454.73901pt.

Overfull \hbox (8.61359pt too wide) in paragraph at lines 485--494
\T1/lmr/m/n/12 (-20) Klasyfikacj¦ ob-ra-zów na pod-sta-wie sy-gnaªu EEG zre-ali
-zo-wano, po-rów-nu-j¡c trzy ar-chi-tek-tury
 []

[24 <./assets/randomFullComp.png>]
Overfull \hbox (80.63391pt too wide) in paragraph at lines 497--499
\T1/lmr/m/n/12 (-20) Pierwszy mo-del sta-no-wiªa kla-syczna sie¢ kon-wo-lu-cyjn
a, trak-tu-j¡ca re-pre-zen-ta-cj¦ czasowo-cz¦stotliwo±ciow¡
 []


Overfull \hbox (21.77489pt too wide) in paragraph at lines 500--507
\T1/lmr/m/n/12 (-20) opty-ma-li-za-to-rem Adam z funk-cj¡ straty \T1/lmtt/m/n/1
2 sparse_-categorical_-crossentropy\T1/lmr/m/n/12 (-20) , wspo-ma-ga-nym
 []

<assets/CNNarchitecture.png, id=190, 649.42625pt x 816.04875pt>
File: assets/CNNarchitecture.png Graphic file (type png)
<use assets/CNNarchitecture.png>
Package pdftex.def Info: assets/CNNarchitecture.png  used on input line 510.
(pdftex.def)             Requested size: 448.13095pt x 563.1116pt.
[25] [26 <./assets/CNNarchitecture.png (PNG copy)>]
Overfull \hbox (15.65747pt too wide) in paragraph at lines 522--524
\T1/lmr/m/n/12 (-20) uspraw-nie-niem oka-zaªo si¦ usu-wa-nie ±red-niej war-to-±
ci pik-seli mi¦-dzy ka-na-ªami po-szcze-gól-nych
 []

<assets/BestOnePatientCNN.png, id=202, 1220.30907pt x 1198.4775pt>
File: assets/BestOnePatientCNN.png Graphic file (type png)
<use assets/BestOnePatientCNN.png>
Package pdftex.def Info: assets/BestOnePatientCNN.png  used on input line 527.
(pdftex.def)             Requested size: 403.31511pt x 396.10228pt.
[27 <./assets/BestOnePatientCNN.png>]
<assets/BestMuliPatientFixed.png, id=209, 1248.91594pt x 1211.27531pt>
File: assets/BestMuliPatientFixed.png Graphic file (type png)
<use assets/BestMuliPatientFixed.png>
Package pdftex.def Info: assets/BestMuliPatientFixed.png  used on input line 54
0.
(pdftex.def)             Requested size: 403.31511pt x 391.1462pt.
 [28 <./assets/BestMuliPatientFixed.png>]
<assets/BestMuliPatientMixed.png, id=216, 1242.14063pt x 1254.18562pt>
File: assets/BestMuliPatientMixed.png Graphic file (type png)
<use assets/BestMuliPatientMixed.png>
Package pdftex.def Info: assets/BestMuliPatientMixed.png  used on input line 55
3.
(pdftex.def)             Requested size: 403.31511pt x 407.22275pt.

Underfull \hbox (badness 1337) in paragraph at lines 554--554
[][][]|\T1/lmr/m/n/12 (+20) Wy-niki dla naj-lep-szej sieci, wy-szko-lo-nej na d
a-nych z wielu pa-cjen-tów
 []

[29 <./assets/BestMuliPatientMixed.png>]
Overfull \hbox (2.97528pt too wide) in paragraph at lines 562--570
\T1/lmr/m/n/12 (-20) Drug¡ me-tod¡ byªa sie¢ EEGNet -- kom-pak-towa ar-chi-tek-
tura kon-wo-lu-cyjna za-pro-jek-to-wana
 []

<assets/EEGNetBestMultiMixedMatrix.png, id=223, 985.6825pt x 955.57pt>
File: assets/EEGNetBestMultiMixedMatrix.png Graphic file (type png)
<use assets/EEGNetBestMultiMixedMatrix.png>
Package pdftex.def Info: assets/EEGNetBestMultiMixedMatrix.png  used on input l
ine 580.
(pdftex.def)             Requested size: 291.28238pt x 282.38646pt.
<assets/EEGNetBestMultiMixed.png, id=224, 1606.0pt x 461.725pt>
File: assets/EEGNetBestMultiMixed.png Graphic file (type png)
<use assets/EEGNetBestMultiMixed.png>
Package pdftex.def Info: assets/EEGNetBestMultiMixed.png  used on input line 58
1.
(pdftex.def)             Requested size: 291.28238pt x 83.741pt.

Underfull \hbox (badness 1337) in paragraph at lines 582--582
[][][]|\T1/lmr/m/n/12 (+20) Wy-niki dla naj-lep-szej sieci, wy-szko-lo-nej na d
a-nych z wielu pa-cjen-tów
 []

[30 <./assets/EEGNetBestMultiMixedMatrix.png> <./assets/EEGNetBestMultiMixed.pn
g>]
Overfull \hbox (5.0692pt too wide) in paragraph at lines 592--599
\T1/lmr/m/n/12 (-20) osi¡-gn¦ªa nieco lep-sze wy-niki ni» EEGNet, po-zo-sta-j¡c
 jed-nak w tym sa-mym, umiar-ko-wa-nym
 []

<assets/EEGInceptionBestMultiMixedMatrix.png, id=232, 709.6914pt x 688.0104pt>
File: assets/EEGInceptionBestMultiMixedMatrix.png Graphic file (type png)
<use assets/EEGInceptionBestMultiMixedMatrix.png>
Package pdftex.def Info: assets/EEGInceptionBestMultiMixedMatrix.png  used on i
nput line 602.
(pdftex.def)             Requested size: 291.28238pt x 282.38004pt.
<assets/EEGInceptionBestMultiMixed.png, id=233, 1178.001pt x 338.9463pt>
File: assets/EEGInceptionBestMultiMixed.png Graphic file (type png)
<use assets/EEGInceptionBestMultiMixed.png>
Package pdftex.def Info: assets/EEGInceptionBestMultiMixed.png  used on input l
ine 603.
(pdftex.def)             Requested size: 291.28238pt x 83.8106pt.

Underfull \hbox (badness 1337) in paragraph at lines 604--604
[][][]|\T1/lmr/m/n/12 (+20) Wy-niki dla naj-lep-szej sieci, wy-szko-lo-nej na d
a-nych z wielu pa-cjen-tów
 []

[31 <./assets/EEGInceptionBestMultiMixedMatrix.png> <./assets/EEGInceptionBestM
ultiMixed.png>]
Overfull \hbox (9.15234pt too wide) in paragraph at lines 661--669
\T1/lmr/m/n/12 (-20) oka-zaªo si¦ mo»-liwe je-dy-nie w ogra-ni-czo-nym za-kre-s
ie. Sy-gnaª nie-sie in-for-ma-cj¦ wy-star-cza-j¡c¡
 []

[32]
Overfull \hbox (2.2652pt too wide) in paragraph at lines 672--682
\T1/lmr/m/n/12 (-20) za-re-je-stro-wa-nej ak-tyw-no-±ci mó-zgo-wej. Za-da-nie t
o jest bar-dziej wy-ma-ga-j¡ce ni» kla-sy-fi-ka-cja,
 []


Overfull \hbox (14.91052pt too wide) in paragraph at lines 685--694
\T1/lmr/m/n/12 (-20) za po-±red-nic-twem re-pre-zen-ta-cji po-±red-niej. Au-to-
en-ko-der skªada si¦ z dwóch wspóª-pra-cu-j¡-cych
 []


Overfull \hbox (1.60168pt too wide) in paragraph at lines 685--694
\T1/lmr/m/n/12 (-20) cz¦-±ci. En-ko-der prze-twa-rza sy-gnaª EEG i prze-ksztaªc
a go w zwi¦-zªy wek-tor cech (ang. \T1/lmr/m/it/12 (-20) la-tent
 []

<assets/reconstruction_architecture.png, id=251, 975.645pt x 728.7225pt>
File: assets/reconstruction_architecture.png Graphic file (type png)
<use assets/reconstruction_architecture.png>
Package pdftex.def Info: assets/reconstruction_architecture.png  used on input 
line 712.
(pdftex.def)             Requested size: 448.13095pt x 334.71605pt.
[33{C:/Users/Grzegorz/AppData/Local/Programs/MiKTeX/fonts/enc/dvips/lm/lm-rm.en
c}{C:/Users/Grzegorz/AppData/Local/Programs/MiKTeX/fonts/enc/dvips/lm/lm-mathit
.enc}]
<assets/reconstruction_autoencoder.png, id=262, 997.7275pt x 314.17375pt>
File: assets/reconstruction_autoencoder.png Graphic file (type png)
<use assets/reconstruction_autoencoder.png>
Package pdftex.def Info: assets/reconstruction_autoencoder.png  used on input l
ine 731.
(pdftex.def)             Requested size: 448.13095pt x 141.10841pt.
 [34 <./assets/reconstruction_architecture.png>]
Overfull \hbox (34.00983pt too wide) in paragraph at lines 737--748
\T1/lmr/m/n/12 (-20) i ko-lo-ry-styce (rys. [][]28[][]). Ta-kie za-cho-wa-nie j
est cha-rak-te-ry-styczne dla re-kon-struk-cji opty-ma-li-zo-wa-nej
 []


Overfull \hbox (7.13925pt too wide) in paragraph at lines 749--753
[]\T1/lmr/m/n/12 (-20) Wynik ten wska-zaª na ogra-ni-cze-nia bez-po-±red-niej r
e-kon-struk-cji pik-se-lo-wej w roz-pa-try-wa-nym
 []

<assets/reconstruction.png, id=269, 803.0pt x 220.825pt>
File: assets/reconstruction.png Graphic file (type png)
<use assets/reconstruction.png>
Package pdftex.def Info: assets/reconstruction.png  used on input line 756.
(pdftex.def)             Requested size: 448.13095pt x 123.23996pt.

Overfull \hbox (2.0382pt too wide) in paragraph at lines 766--772
\T1/lmr/m/n/12 (-20) re-pre-zen-ta-cji ob-ra-zów, opi-sane w po-przed-niej sek-
cji. Za-miast od-twa-rza¢ ob-raz w prze-strzeni
 []

[35 <./assets/reconstruction_autoencoder.png> <./assets/reconstruction.png>]
Overfull \hbox (0.8383pt too wide) in paragraph at lines 773--784
\T1/lmr/m/n/12 (-20) wek-tory znor-ma-li-zo-wano do jed-nost-ko-wej dªu-go-±ci,
 co uªa-twia ich pó¹-niej-sze po-rów-ny-wa-nie.
 []

<assets/retrieval_image_embeddings.png, id=276, 1298.8525pt x 516.93124pt>
File: assets/retrieval_image_embeddings.png Graphic file (type png)
<use assets/retrieval_image_embeddings.png>
Package pdftex.def Info: assets/retrieval_image_embeddings.png  used on input l
ine 787.
(pdftex.def)             Requested size: 448.13095pt x 178.34935pt.
<assets/retrieval_encoder.png, id=278, 1304.875pt x 720.6925pt>
File: assets/retrieval_encoder.png Graphic file (type png)
<use assets/retrieval_encoder.png>
Package pdftex.def Info: assets/retrieval_encoder.png  used on input line 807.
(pdftex.def)             Requested size: 448.13095pt x 247.5065pt.
[36 <./assets/retrieval_image_embeddings.png>]
Overfull \hbox (7.84956pt too wide) in paragraph at lines 814--822
[]\T1/lmr/m/n/12 (-20) Po wy-tre-no-wa-niu en-ko-dera re-kon-struk-cj¦ for-mu-ª
o-wano jako za-da-nie iden-ty-fi-ka-cji. Dla ka»-dej
 []


Overfull \hbox (24.00821pt too wide) in paragraph at lines 814--822
\T1/lmr/m/n/12 (-20) naj-bli»-szego s¡-siada (ang. \T1/lmr/m/it/12 (-20) ne-are
st ne-igh-bour\T1/lmr/m/n/12 (-20) ). Za-da-nie nie spro-wa-dzaªo si¦ za-tem do
  kla-sy-fi-ka-cji
 []

<assets/retrieval_nway.png, id=288, 1495.5875pt x 479.7925pt>
File: assets/retrieval_nway.png Graphic file (type png)
<use assets/retrieval_nway.png>
Package pdftex.def Info: assets/retrieval_nway.png  used on input line 838.
(pdftex.def)             Requested size: 448.13095pt x 143.76314pt.
[37 <./assets/retrieval_encoder.png>]
<assets/retrieval.png, id=297, 513.92pt x 434.62375pt>
File: assets/retrieval.png Graphic file (type png)
<use assets/retrieval.png>
Package pdftex.def Info: assets/retrieval.png  used on input line 851.
(pdftex.def)             Requested size: 336.0982pt x 284.23962pt.
<assets/retrieval-2.png, id=298, 168.3891pt x 142.3719pt>
File: assets/retrieval-2.png Graphic file (type png)
<use assets/retrieval-2.png>
Package pdftex.def Info: assets/retrieval-2.png  used on input line 860.
(pdftex.def)             Requested size: 336.0982pt x 284.19127pt.
 [38 <./assets/retrieval_nway.png> <./assets/retrieval.png>]

LaTeX Warning: `h' float specifier changed to `ht'.


Overfull \hbox (16.42761pt too wide) in paragraph at lines 896--902
\T1/lmr/m/n/12 (-20) ‘wiad-czy to, »e mimo sta-ty-stycz-nej prze-wagi nad po-zi
o-mem lo-so-wym po-je-dyn-cze do-pa-so-wa-nia
 []

[39 <./assets/retrieval-2.png>]
Overfull \hbox (10.47636pt too wide) in paragraph at lines 915--921
\T1/lmr/m/n/12 (-20) ob-ra-zów w za-da-niu re-kon-struk-cji. In-for-ma-cja ta j
est jed-nak sªaba -- nie po-zwala na pre-cy-zyjne
 []


Overfull \hbox (5.62512pt too wide) in paragraph at lines 930--937
\T1/lmr/m/n/12 (-20) Do-dat-kowo re-pre-zen-ta-cja czasowo-cz¦stotliwo±ciowa or
az sy-gnaª su-rowy daªy po-rów-ny-walne
 []


Overfull \hbox (22.65355pt too wide) in paragraph at lines 938--943
\T1/lmr/m/n/12 (-20) znacz-nie sªa-biej. Su-ge-ruje to, »e sy-gnaª od-zwier-cie
-dla przede wszyst-kim ogólne, ni-sko-po-zio-mowe
 []

[40]
Overfull \hbox (1.15862pt too wide) in paragraph at lines 953--961
\T1/lmr/m/n/12 (-20) w do-ce-lo-wym po-st¦-po-wa-niu warto nor-ma-li-zo-wa¢ zbi
ór te-stowy sta-ty-sty-kami wy-zna-czo-nymi
 []


Overfull \hbox (1.87238pt too wide) in paragraph at lines 962--966
[]\T1/lmr/m/n/12 (-20) Mimo umiar-ko-wa-nych wy-ni-ków licz-bo-wych pro-jekt po
-zwo-liª przej±¢ peªn¡ ±cie»k¦ ba-daw-cz¡
 []

[41] (BIAI-raport-koncowy.aux)
 ***********
LaTeX2e <2025-11-01>
L3 programming layer <2025-12-24>
 ***********


LaTeX Warning: There were multiply-defined labels.

 ) 
Here is how much of TeX's memory you used:
 19437 strings out of 467870
 351156 string characters out of 5416903
 915254 words of memory out of 5000000
 47804 multiletter control sequences out of 15000+600000
 679523 words of font info for 148 fonts, out of 8000000 for 9000
 1141 hyphenation exceptions out of 8191
 108i,8n,107p,11251b,526s stack positions out of 10000i,1000n,20000p,200000b,200000s
<C:/Users/Grzegorz/AppData/Local/Programs/MiKTeX/fonts/type1/public/lm/lmbx12
.pfb><C:/Users/Grzegorz/AppData/Local/Programs/MiKTeX/fonts/type1/public/lm/lmm
i12.pfb><C:/Users/Grzegorz/AppData/Local/Programs/MiKTeX/fonts/type1/public/lm/
lmr12.pfb><C:/Users/Grzegorz/AppData/Local/Programs/MiKTeX/fonts/type1/public/l
m/lmri12.pfb><C:/Users/Grzegorz/AppData/Local/Programs/MiKTeX/fonts/type1/publi
c/lm/lmssbx10.pfb><C:/Users/Grzegorz/AppData/Local/Programs/MiKTeX/fonts/type1/
public/lm/lmsy10.pfb><C:/Users/Grzegorz/AppData/Local/Programs/MiKTeX/fonts/typ
e1/public/lm/lmtt12.pfb>
Output written on BIAI-raport-koncowy.pdf (42 pages, 9842211 bytes).
PDF statistics:
 503 PDF objects out of 1000 (max. 8388607)
 115 named destinations out of 1000 (max. 500000)
 27603 words of extra memory for PDF output out of 29859 (max. 10000000)

